error: unexpected literal in serde field attribute
 --> $DIR/tests/ui/unexpected-literal/field.rs:5:13
  |
5 |     #[serde("literal")]
  |             ^^^^^^^^^
