error: failed to parse borrowed lifetimes: "zzz"
 --> $DIR/tests/ui/borrow/bad_lifetimes.rs:5:22
  |
5 |     #[serde(borrow = "zzz")]
  |                      ^^^^^
