error: duplicate serde attribute `borrow`
 --> $DIR/tests/ui/borrow/duplicate_variant.rs:8:13
  |
8 |     #[serde(borrow)]
  |             ^^^^^^
