error: at least one lifetime must be borrowed
 --> $DIR/tests/ui/borrow/empty_lifetimes.rs:5:22
  |
5 |     #[serde(borrow = "")]
  |                      ^^
