error: cannot deserialize a dynamically sized struct
 --> $DIR/tests/ui/precondition/deserialize_dst.rs:4:1
  |
4 | / struct S {
5 | |     string: String,
6 | |     slice: [u8],
7 | | }
  | |_^
