error: failed to parse path: "~~~"
  --> $DIR/tests/ui/remote/bad_getter.rs:12:22
   |
12 |     #[serde(getter = "~~~")]
   |                      ^^^^^
