error: malformed bound attribute, expected `bound(serialize = ..., deserialize = ...)`
 --> $DIR/tests/ui/malformed/bound.rs:5:19
  |
5 |     #[serde(bound(unknown))]
  |                   ^^^^^^^
