error: #[serde(field_identifier)] can only be used on an enum
 --> $DIR/tests/ui/identifier/field_struct.rs:5:1
  |
5 | struct S;
  | ^^^^^^
